--- MSC activity started (async IO ON) ---
[async IO: ON] usb latency    0.0 ms
[async IO: ON] usb latency    0.0 ms
[async IO: ON] usb latency    0.0 ms
[async IO: ON] usb latency    0.0 ms
[async IO: ON] usb latency    0.0 ms
[async IO: ON] usb latency    0.0 ms
[async IO: ON] usb latency    0.0 ms
[async IO: ON] usb latency    0.0 ms
[async IO: ON] usb latency    0.0 ms
[async IO: ON] usb latency    0.0 ms
[msc] write   0.6 MB/s  read  60.5 MB/s | total W     0.6 MB  R    60.5 MB | usb latency max   0.1 ms
[async IO: ON] usb latency    0.1 ms
--- MSC activity done (async IO ON): 0.0 s, wrote 0.6 MB (0.0 MB/s), read 60.5 MB (0.0 MB/s) ---
--- usb latency max 0.1 ms, avg 0.0 ms, stalls >10 ms: 0/11 ---
[async IO: ON] usb latency    0.0 ms
[async IO: ON] usb latency    0.0 ms
[async IO: ON] usb latency    0.0 ms
[async IO: ON] usb latency    0.0 ms
[async IO: ON] usb latency    0.0 ms
[async IO: ON] usb latency    0.0 ms
[async IO: ON] usb latency    0.0 ms
[async IO: ON] usb latency    0.0 ms
[async IO: ON] usb latency    0.0 ms
[async IO: ON] usb latency    0.0 ms
[async IO: ON] usb latency    0.0 ms
[async IO: ON] usb latency    0.0 ms
[async IO: ON] usb latency    0.0 ms
[async IO: ON] usb latency    0.0 ms
[async IO: ON] usb latency    0.0 ms
[async IO: ON] usb latency    0.0 ms
[async IO: ON] usb latency    0.0 ms
[async IO: ON] usb latency    0.0 ms
[async IO: ON] usb latency    0.0 ms
[async IO: ON] usb latency    0.0 ms
[async IO: ON] usb latency    0.0 ms
[async IO: ON] usb latency    0.0 ms
[async IO: ON] usb latency    0.0 ms
[async IO: ON] usb latency    0.0 ms
[async IO: ON] usb latency    0.1 ms
[async IO: ON] usb latency    0.0 ms
[async IO: ON] usb latency    0.0 ms
[async IO: ON] usb latency    0.0 ms
[async IO: ON] usb latency    0.0 ms
[async IO: ON] usb latency    0.0 ms
[async IO: ON] usb latency    0.0 ms
[async IO: ON] usb latency    0.0 ms
[async IO: ON] usb latency    0.0 ms
[async IO: ON] usb latency    0.0 ms
[async IO: ON] usb latency    0.0 ms
[async IO: ON] usb latency    0.0 ms
[async IO: ON] usb latency    0.0 ms
[async IO: ON] usb latency    0.0 ms
[async IO: ON] usb latency    0.0 ms
[async IO: ON] usb latency    0.0 ms
[async IO: ON] usb latency    0.0 ms
[async IO: ON] usb latency    0.0 ms
[async IO: ON] usb latency    0.0 ms
[async IO: ON] usb latency    0.0 ms
[async IO: ON] usb latency    0.0 ms
[async IO: ON] usb latency    0.0 ms
[async IO: ON] usb latency    0.0 ms
[async IO: ON] usb latency    0.0 ms
[async IO: ON] usb latency    0.0 ms
[async IO: ON] usb latency    0.1 ms
[async IO: ON] usb latency    0.0 ms
[async IO: ON] usb latency    0.0 ms
[async IO: ON] usb latency    0.0 ms
--- MSC activity started (async IO ON) ---
[async IO: ON] usb latency    0.0 ms
[async IO: ON] usb latency    0.0 ms
[async IO: ON] usb latency    0.0 ms
[async IO: ON] usb latency    0.3 ms
[async IO: ON] usb latency    0.0 ms
[async IO: ON] usb latency    0.1 ms
[async IO: ON] usb latency    0.0 ms
[async IO: ON] usb latency    0.0 ms
[async IO: ON] usb latency    0.1 ms
[async IO: ON] usb latency    0.0 ms
[msc] write   2.9 MB/s  read   0.0 MB/s | total W     2.9 MB  R     0.0 MB | usb latency max   0.3 ms
[async IO: ON] usb latency    0.1 ms
[async IO: ON] usb latency    0.5 ms
[async IO: ON] usb latency    0.1 ms
[async IO: ON] usb latency    0.0 ms
[async IO: ON] usb latency    0.1 ms
[async IO: ON] usb latency    0.2 ms
[async IO: ON] usb latency    0.1 ms
[async IO: ON] usb latency    0.1 ms
[async IO: ON] usb latency    0.1 ms
[async IO: ON] usb latency    0.1 ms
[async IO: ON] usb latency    0.1 ms
[msc] write   1.8 MB/s  read   0.0 MB/s | total W     5.0 MB  R     0.0 MB | usb latency max   0.5 ms
[async IO: ON] usb latency    0.1 ms
[async IO: ON] usb latency    0.4 ms
[async IO: ON] usb latency    0.0 ms
[async IO: ON] usb latency    0.0 ms
[async IO: ON] usb latency    0.0 ms
[async IO: ON] usb latency    0.9 ms
[async IO: ON] usb latency    0.5 ms
[async IO: ON] usb latency    0.2 ms
[async IO: ON] usb latency    0.0 ms
[async IO: ON] usb latency    0.0 ms
[msc] write   3.3 MB/s  read   0.0 MB/s | total W     8.3 MB  R     0.0 MB | usb latency max   0.9 ms
[async IO: ON] usb latency    0.5 ms
[async IO: ON] usb latency    0.4 ms
[async IO: ON] usb latency    0.0 ms
[async IO: ON] usb latency    0.3 ms
[async IO: ON] usb latency    0.0 ms
[async IO: ON] usb latency    0.0 ms
[async IO: ON] usb latency    0.0 ms
[async IO: ON] usb latency    0.1 ms
[async IO: ON] usb latency    0.0 ms
[async IO: ON] usb latency    0.9 ms
[msc] write   3.0 MB/s  read   0.0 MB/s | total W    11.3 MB  R     0.0 MB | usb latency max   0.9 ms
[async IO: ON] usb latency    0.0 ms
[async IO: ON] usb latency    0.0 ms
[async IO: ON] usb latency    0.1 ms
[async IO: ON] usb latency    0.0 ms
[async IO: ON] usb latency    0.9 ms
[async IO: ON] usb latency    0.0 ms
[async IO: ON] usb latency    0.5 ms
[async IO: ON] usb latency    0.3 ms
[async IO: ON] usb latency    0.1 ms
[async IO: ON] usb latency    0.0 ms
[msc] write   3.0 MB/s  read   0.0 MB/s | total W    14.3 MB  R     0.0 MB | usb latency max   0.9 ms
[async IO: ON] usb latency    0.0 ms
[async IO: ON] usb latency    0.0 ms
[async IO: ON] usb latency    0.0 ms
[async IO: ON] usb latency    0.0 ms
[async IO: ON] usb latency    0.1 ms
[async IO: ON] usb latency    0.0 ms
[async IO: ON] usb latency    0.2 ms
[async IO: ON] usb latency    0.0 ms
[async IO: ON] usb latency    0.5 ms
[async IO: ON] usb latency    0.1 ms
[msc] write   2.7 MB/s  read   0.0 MB/s | total W    17.0 MB  R     0.0 MB | usb latency max   0.9 ms
[async IO: ON] usb latency    0.9 ms
[async IO: ON] usb latency    0.5 ms
[async IO: ON] usb latency    0.1 ms
[async IO: ON] usb latency    0.9 ms
[async IO: ON] usb latency    0.1 ms
[async IO: ON] usb latency    0.1 ms
[async IO: ON] usb latency    0.1 ms
[async IO: ON] usb latency    0.0 ms
[async IO: ON] usb latency    0.0 ms
[async IO: ON] usb latency    0.0 ms
[async IO: ON] usb latency    0.1 ms
[msc] write   3.0 MB/s  read   0.0 MB/s | total W    20.4 MB  R     0.0 MB | usb latency max   0.9 ms
[async IO: ON] usb latency    0.0 ms
[async IO: ON] usb latency    0.0 ms
[async IO: ON] usb latency    0.1 ms
[async IO: ON] usb latency    0.1 ms
[async IO: ON] usb latency    0.9 ms
[async IO: ON] usb latency    0.1 ms
[async IO: ON] usb latency    0.1 ms
[async IO: ON] usb latency    0.0 ms
[async IO: ON] usb latency    0.3 ms
[async IO: ON] usb latency    0.3 ms
[msc] write   1.8 MB/s  read   0.0 MB/s | total W    22.2 MB  R     0.0 MB | usb latency max   0.9 ms
[async IO: ON] usb latency    0.3 ms
[async IO: ON] usb latency    0.0 ms
[async IO: ON] usb latency    0.9 ms
[async IO: ON] usb latency    0.3 ms
[async IO: ON] usb latency    0.0 ms
[async IO: ON] usb latency    0.9 ms
[async IO: ON] usb latency    0.0 ms
[async IO: ON] usb latency    0.0 ms
[async IO: ON] usb latency    0.1 ms
[async IO: ON] usb latency    0.1 ms
[msc] write   3.3 MB/s  read   0.0 MB/s | total W    25.5 MB  R     0.0 MB | usb latency max   0.9 ms
[async IO: ON] usb latency    0.0 ms
[async IO: ON] usb latency    0.0 ms
[async IO: ON] usb latency    0.0 ms
[async IO: ON] usb latency    0.0 ms
[async IO: ON] usb latency    0.1 ms
[async IO: ON] usb latency    0.0 ms
[async IO: ON] usb latency    0.1 ms
[async IO: ON] usb latency    0.1 ms
[async IO: ON] usb latency    0.1 ms
[async IO: ON] usb latency    0.0 ms
[msc] write   2.9 MB/s  read   0.0 MB/s | total W    28.4 MB  R     0.0 MB | usb latency max   0.1 ms
[async IO: ON] usb latency    0.1 ms
[async IO: ON] usb latency    0.1 ms
[async IO: ON] usb latency    0.1 ms
[async IO: ON] usb latency    0.3 ms
[async IO: ON] usb latency    0.0 ms
[async IO: ON] usb latency    0.0 ms
[async IO: ON] usb latency    0.0 ms
[async IO: ON] usb latency    0.3 ms
[async IO: ON] usb latency    0.5 ms
[async IO: ON] usb latency    0.3 ms
[async IO: ON] usb latency    0.1 ms
[msc] write   3.3 MB/s  read   0.0 MB/s | total W    32.0 MB  R     0.0 MB | usb latency max   0.5 ms
[async IO: ON] usb latency    0.2 ms
[async IO: ON] usb latency    0.0 ms
[async IO: ON] usb latency    0.9 ms
[async IO: ON] usb latency    0.1 ms
[async IO: ON] usb latency    0.9 ms
[async IO: ON] usb latency    0.3 ms
[async IO: ON] usb latency    0.0 ms
[async IO: ON] usb latency    0.5 ms
[async IO: ON] usb latency    1.0 ms
[async IO: ON] usb latency    0.1 ms
[msc] write   2.6 MB/s  read   0.0 MB/s | total W    34.6 MB  R     0.1 MB | usb latency max   1.0 ms
[async IO: ON] usb latency    0.9 ms
[async IO: ON] usb latency    0.0 ms
[async IO: ON] usb latency    0.0 ms
[async IO: ON] usb latency    0.5 ms
[async IO: ON] usb latency    0.5 ms
[async IO: ON] usb latency    0.1 ms
[async IO: ON] usb latency    0.0 ms
[async IO: ON] usb latency    0.9 ms
[async IO: ON] usb latency    0.5 ms
[async IO: ON] usb latency    0.0 ms
[msc] write   2.6 MB/s  read   0.0 MB/s | total W    37.2 MB  R     0.1 MB | usb latency max   0.9 ms
[async IO: ON] usb latency    0.5 ms
[async IO: ON] usb latency    0.1 ms
[async IO: ON] usb latency    0.0 ms
[async IO: ON] usb latency    0.9 ms
[async IO: ON] usb latency    0.1 ms
[async IO: ON] usb latency    0.1 ms
[async IO: ON] usb latency    0.9 ms
[async IO: ON] usb latency    0.0 ms
[async IO: ON] usb latency    0.0 ms
[async IO: ON] usb latency    0.0 ms
[async IO: ON] usb latency    0.1 ms
[msc] write   2.7 MB/s  read   0.0 MB/s | total W    40.1 MB  R     0.1 MB | usb latency max   0.9 ms
[async IO: ON] usb latency    0.1 ms
[async IO: ON] usb latency    0.0 ms
[async IO: ON] usb latency    0.9 ms
[async IO: ON] usb latency    0.1 ms
[async IO: ON] usb latency    0.1 ms
[async IO: ON] usb latency    0.0 ms
[async IO: ON] usb latency    0.1 ms
[async IO: ON] usb latency    0.0 ms
[async IO: ON] usb latency    0.9 ms
[async IO: ON] usb latency    0.5 ms
[msc] write   2.8 MB/s  read   0.0 MB/s | total W    43.0 MB  R     0.1 MB | usb latency max   0.9 ms
[async IO: ON] usb latency    0.1 ms
[async IO: ON] usb latency    0.1 ms
[async IO: ON] usb latency    0.3 ms
[async IO: ON] usb latency    0.3 ms
[async IO: ON] usb latency    0.1 ms
[async IO: ON] usb latency    0.1 ms
[async IO: ON] usb latency    0.5 ms
[async IO: ON] usb latency    0.5 ms
[async IO: ON] usb latency    0.0 ms
[async IO: ON] usb latency    0.0 ms
[msc] write   2.7 MB/s  read   0.0 MB/s | total W    45.7 MB  R     0.1 MB | usb latency max   0.5 ms
[async IO: ON] usb latency    0.5 ms
[async IO: ON] usb latency    0.0 ms
[async IO: ON] usb latency    0.0 ms
[async IO: ON] usb latency    0.1 ms
[async IO: ON] usb latency    0.0 ms
[async IO: ON] usb latency    0.9 ms
[async IO: ON] usb latency    0.3 ms
[async IO: ON] usb latency    0.9 ms
[async IO: ON] usb latency    0.9 ms
[async IO: ON] usb latency    0.5 ms
[msc] write   2.6 MB/s  read   0.0 MB/s | total W    48.3 MB  R     0.1 MB | usb latency max   0.9 ms
[async IO: ON] usb latency    0.9 ms
[async IO: ON] usb latency    0.1 ms
[async IO: ON] usb latency    0.1 ms
[async IO: ON] usb latency    0.2 ms
[async IO: ON] usb latency    0.3 ms
[async IO: ON] usb latency    0.0 ms
[async IO: ON] usb latency    0.9 ms
[async IO: ON] usb latency    0.1 ms
[async IO: ON] usb latency    0.0 ms
[async IO: ON] usb latency    0.0 ms
[msc] write   2.4 MB/s  read   0.0 MB/s | total W    50.7 MB  R     0.1 MB | usb latency max   0.9 ms
[async IO: ON] usb latency    0.1 ms
[async IO: ON] usb latency    0.1 ms
[async IO: ON] usb latency    0.1 ms
[async IO: ON] usb latency    0.3 ms
[async IO: ON] usb latency    0.5 ms
[async IO: ON] usb latency    0.2 ms
[async IO: ON] usb latency    0.0 ms
[async IO: ON] usb latency    0.3 ms
[async IO: ON] usb latency    0.1 ms
[async IO: ON] usb latency    0.1 ms
[msc] write   1.9 MB/s  read   0.0 MB/s | total W    52.7 MB  R     0.1 MB | usb latency max   0.5 ms
[async IO: ON] usb latency    0.1 ms
[async IO: ON] usb latency    0.0 ms
[async IO: ON] usb latency    0.0 ms
[async IO: ON] usb latency    0.1 ms
[async IO: ON] usb latency    0.0 ms
[async IO: ON] usb latency    0.9 ms
[async IO: ON] usb latency    0.5 ms
[async IO: ON] usb latency    0.3 ms
[async IO: ON] usb latency    0.1 ms
[async IO: ON] usb latency    0.0 ms
[msc] write   2.3 MB/s  read   0.0 MB/s | total W    55.0 MB  R     0.1 MB | usb latency max   0.9 ms
[async IO: ON] usb latency    0.5 ms
[async IO: ON] usb latency    0.0 ms
[async IO: ON] usb latency    0.0 ms
[async IO: ON] usb latency    0.0 ms
[async IO: ON] usb latency    0.9 ms
[async IO: ON] usb latency    0.0 ms
[async IO: ON] usb latency    0.9 ms
[async IO: ON] usb latency    0.5 ms
[async IO: ON] usb latency    0.2 ms
[async IO: ON] usb latency    0.5 ms
[msc] write   2.8 MB/s  read   0.0 MB/s | total W    57.7 MB  R     0.1 MB | usb latency max   0.9 ms
[async IO: ON] usb latency    0.9 ms
[async IO: ON] usb latency    0.0 ms
[async IO: ON] usb latency    0.0 ms
[async IO: ON] usb latency    0.3 ms
[async IO: ON] usb latency    0.9 ms
[async IO: ON] usb latency    0.1 ms
[async IO: ON] usb latency    1.0 ms
[async IO: ON] usb latency    0.0 ms
[async IO: ON] usb latency    0.0 ms
[async IO: ON] usb latency    0.1 ms
[msc] write   2.6 MB/s  read   0.0 MB/s | total W    60.4 MB  R     0.1 MB | usb latency max   1.0 ms
[async IO: ON] usb latency    0.9 ms
[async IO: ON] usb latency    0.0 ms
[async IO: ON] usb latency    0.1 ms
[async IO: ON] usb latency    0.1 ms
[async IO: ON] usb latency    0.9 ms
[async IO: ON] usb latency    0.1 ms
[async IO: ON] usb latency    0.0 ms
[async IO: ON] usb latency    0.0 ms
[async IO: ON] usb latency    0.0 ms
[async IO: ON] usb latency    0.1 ms
[msc] write   2.6 MB/s  read   0.0 MB/s | total W    63.0 MB  R     0.1 MB | usb latency max   0.9 ms
[async IO: ON] usb latency    0.0 ms
[async IO: ON] usb latency    0.9 ms
[async IO: ON] usb latency    0.1 ms
[async IO: ON] usb latency    0.1 ms
[async IO: ON] usb latency    0.0 ms
[async IO: ON] usb latency    0.1 ms
[async IO: ON] usb latency    0.0 ms
[async IO: ON] usb latency    0.9 ms
[async IO: ON] usb latency    0.1 ms
[async IO: ON] usb latency    0.1 ms
[msc] write   2.4 MB/s  read   0.0 MB/s | total W    65.4 MB  R     0.1 MB | usb latency max   0.9 ms
[async IO: ON] usb latency    0.0 ms
[async IO: ON] usb latency    0.0 ms
[async IO: ON] usb latency    0.1 ms
[async IO: ON] usb latency    0.1 ms
[async IO: ON] usb latency    0.9 ms
[async IO: ON] usb latency    0.3 ms
[async IO: ON] usb latency    0.1 ms
[async IO: ON] usb latency    0.1 ms
[async IO: ON] usb latency    0.1 ms
[async IO: ON] usb latency    0.0 ms
[msc] write   2.7 MB/s  read   0.0 MB/s | total W    68.1 MB  R     0.1 MB | usb latency max   0.9 ms
[async IO: ON] usb latency    0.3 ms
[async IO: ON] usb latency    0.3 ms
[async IO: ON] usb latency    0.0 ms
[async IO: ON] usb latency    0.1 ms
[async IO: ON] usb latency    0.0 ms
[async IO: ON] usb latency    0.1 ms
[async IO: ON] usb latency    0.1 ms
[async IO: ON] usb latency    0.1 ms
[async IO: ON] usb latency    0.1 ms
[async IO: ON] usb latency    0.0 ms
[async IO: ON] usb latency    0.1 ms
[msc] write   1.6 MB/s  read   0.0 MB/s | total W    69.9 MB  R     0.1 MB | usb latency max   0.3 ms
[async IO: ON] usb latency    0.2 ms
[async IO: ON] usb latency    0.1 ms
[async IO: ON] usb latency    0.0 ms
[async IO: ON] usb latency    0.1 ms
[async IO: ON] usb latency    0.0 ms
[async IO: ON] usb latency    0.1 ms
[async IO: ON] usb latency    0.9 ms
[async IO: ON] usb latency    0.1 ms
[async IO: ON] usb latency    0.9 ms
[async IO: ON] usb latency    0.1 ms
[msc] write   2.8 MB/s  read   0.0 MB/s | total W    72.7 MB  R     0.1 MB | usb latency max   0.9 ms
[async IO: ON] usb latency    0.2 ms
[async IO: ON] usb latency    0.0 ms
[async IO: ON] usb latency    0.3 ms
[async IO: ON] usb latency    0.3 ms
[async IO: ON] usb latency    0.1 ms
[async IO: ON] usb latency    0.1 ms
[async IO: ON] usb latency    0.3 ms
[async IO: ON] usb latency    0.1 ms
[async IO: ON] usb latency    0.9 ms
[async IO: ON] usb latency    0.9 ms
[msc] write   2.6 MB/s  read   0.0 MB/s | total W    75.3 MB  R     0.1 MB | usb latency max   0.9 ms
[async IO: ON] usb latency    0.0 ms
[async IO: ON] usb latency    0.8 ms
[async IO: ON] usb latency    0.1 ms
[async IO: ON] usb latency    0.0 ms
[async IO: ON] usb latency    0.9 ms
[async IO: ON] usb latency    0.1 ms
[async IO: ON] usb latency    0.5 ms
[async IO: ON] usb latency    0.1 ms
[async IO: ON] usb latency    0.9 ms
[async IO: ON] usb latency    0.1 ms
[msc] write   2.6 MB/s  read   0.0 MB/s | total W    77.9 MB  R     0.1 MB | usb latency max   0.9 ms
[async IO: ON] usb latency    0.0 ms
[async IO: ON] usb latency    0.1 ms
[async IO: ON] usb latency    0.9 ms
[async IO: ON] usb latency    0.0 ms
[async IO: ON] usb latency    0.9 ms
[async IO: ON] usb latency    0.3 ms
[async IO: ON] usb latency    0.9 ms
[async IO: ON] usb latency    1.0 ms
[async IO: ON] usb latency    0.0 ms
[async IO: ON] usb latency    0.1 ms
[msc] write   2.7 MB/s  read   0.0 MB/s | total W    80.7 MB  R     0.1 MB | usb latency max   1.0 ms
[async IO: ON] usb latency    0.1 ms
[async IO: ON] usb latency    0.1 ms
[async IO: ON] usb latency    0.1 ms
[async IO: ON] usb latency    0.1 ms
[async IO: ON] usb latency    0.0 ms
[async IO: ON] usb latency    0.1 ms
[async IO: ON] usb latency    0.1 ms
[async IO: ON] usb latency    0.5 ms
[async IO: ON] usb latency    0.5 ms
[async IO: ON] usb latency    0.0 ms
[msc] write   2.4 MB/s  read   0.0 MB/s | total W    83.1 MB  R     0.1 MB | usb latency max   0.5 ms
[async IO: ON] usb latency    0.1 ms
[async IO: ON] usb latency    0.1 ms
[async IO: ON] usb latency    0.9 ms
[async IO: ON] usb latency    0.0 ms
[async IO: ON] usb latency    0.0 ms
[async IO: ON] usb latency    0.0 ms
[async IO: ON] usb latency    0.5 ms
[async IO: ON] usb latency    0.1 ms
[async IO: ON] usb latency    0.1 ms
[async IO: ON] usb latency    0.1 ms
[async IO: ON] usb latency    0.0 ms
[msc] write   1.6 MB/s  read   0.0 MB/s | total W    84.9 MB  R     0.1 MB | usb latency max   0.9 ms
[async IO: ON] usb latency    0.1 ms
[async IO: ON] usb latency    0.0 ms
[async IO: ON] usb latency    0.3 ms
[async IO: ON] usb latency    0.9 ms
[async IO: ON] usb latency    0.1 ms
[async IO: ON] usb latency    0.5 ms
[async IO: ON] usb latency    0.3 ms
[async IO: ON] usb latency    0.0 ms
[async IO: ON] usb latency    0.0 ms
[async IO: ON] usb latency    0.0 ms
[msc] write   2.8 MB/s  read   0.0 MB/s | total W    87.8 MB  R     0.1 MB | usb latency max   0.9 ms
[async IO: ON] usb latency    0.0 ms
[async IO: ON] usb latency    0.0 ms
[async IO: ON] usb latency    0.1 ms
[async IO: ON] usb latency    0.5 ms
[async IO: ON] usb latency    0.0 ms
[async IO: ON] usb latency    0.0 ms
[async IO: ON] usb latency    0.0 ms
[async IO: ON] usb latency    1.0 ms
[async IO: ON] usb latency    0.1 ms
[async IO: ON] usb latency    0.0 ms
[msc] write   2.6 MB/s  read   0.0 MB/s | total W    90.4 MB  R     0.1 MB | usb latency max   1.0 ms
[async IO: ON] usb latency    0.0 ms
[async IO: ON] usb latency    0.1 ms
[async IO: ON] usb latency    0.1 ms
[async IO: ON] usb latency    0.0 ms
[async IO: ON] usb latency    1.0 ms
[async IO: ON] usb latency    0.3 ms
[async IO: ON] usb latency    0.0 ms
[async IO: ON] usb latency    0.1 ms
[async IO: ON] usb latency    0.3 ms
[async IO: ON] usb latency    0.0 ms
[msc] write   2.8 MB/s  read   0.0 MB/s | total W    93.2 MB  R     0.1 MB | usb latency max   1.0 ms
[async IO: ON] usb latency    0.1 ms
[async IO: ON] usb latency    0.0 ms
[async IO: ON] usb latency    0.1 ms
[async IO: ON] usb latency    0.0 ms
[async IO: ON] usb latency    0.2 ms
[async IO: ON] usb latency    0.2 ms
[async IO: ON] usb latency    0.5 ms
[async IO: ON] usb latency    0.0 ms
[async IO: ON] usb latency    0.0 ms
[async IO: ON] usb latency    0.1 ms
[async IO: ON] usb latency    0.9 ms
[msc] write   2.5 MB/s  read   0.0 MB/s | total W    96.0 MB  R     0.1 MB | usb latency max   0.9 ms
[async IO: ON] usb latency    0.9 ms
[async IO: ON] usb latency    0.1 ms
[async IO: ON] usb latency    0.2 ms
[async IO: ON] usb latency    0.0 ms
[async IO: ON] usb latency    0.0 ms
[async IO: ON] usb latency    0.1 ms
[async IO: ON] usb latency    0.0 ms
[async IO: ON] usb latency    0.0 ms
[async IO: ON] usb latency    0.9 ms
[async IO: ON] usb latency    0.9 ms
[msc] write   2.6 MB/s  read   0.0 MB/s | total W    98.6 MB  R     0.1 MB | usb latency max   0.9 ms
[async IO: ON] usb latency    0.1 ms
[async IO: ON] usb latency    0.0 ms
[async IO: ON] usb latency    0.1 ms
[async IO: ON] usb latency    1.0 ms
[async IO: ON] usb latency    0.5 ms
[async IO: ON] usb latency    0.0 ms
[async IO: ON] usb latency    0.0 ms
[async IO: ON] usb latency    0.0 ms
[async IO: ON] usb latency    0.0 ms
[async IO: ON] usb latency    0.1 ms
[msc] write   0.9 MB/s  read   3.0 MB/s | total W    99.5 MB  R     3.1 MB | usb latency max   1.0 ms
[async IO: ON] usb latency    0.0 ms
[async IO: ON] usb latency    0.0 ms
[async IO: ON] usb latency    0.1 ms
[async IO: ON] usb latency    0.1 ms
[async IO: ON] usb latency    0.1 ms
[async IO: ON] usb latency    0.0 ms
[async IO: ON] usb latency    0.1 ms
[async IO: ON] usb latency    0.0 ms
[async IO: ON] usb latency    0.0 ms
[async IO: ON] usb latency    0.0 ms
[msc] write   0.0 MB/s  read   6.0 MB/s | total W    99.5 MB  R     9.1 MB | usb latency max   0.1 ms
[async IO: ON] usb latency    0.0 ms
[async IO: ON] usb latency    0.0 ms
[async IO: ON] usb latency    0.1 ms
[async IO: ON] usb latency    0.1 ms
[async IO: ON] usb latency    0.0 ms
[async IO: ON] usb latency    0.0 ms
[async IO: ON] usb latency    0.0 ms
[async IO: ON] usb latency    0.1 ms
[async IO: ON] usb latency    0.0 ms
[async IO: ON] usb latency    0.0 ms
[msc] write   0.0 MB/s  read   7.5 MB/s | total W    99.5 MB  R    16.6 MB | usb latency max   0.1 ms
[async IO: ON] usb latency    0.1 ms
[async IO: ON] usb latency    0.1 ms
[async IO: ON] usb latency    0.0 ms
[async IO: ON] usb latency    0.0 ms
[async IO: ON] usb latency    0.0 ms
[async IO: ON] usb latency    0.1 ms
[async IO: ON] usb latency    0.0 ms
[async IO: ON] usb latency    0.0 ms
[async IO: ON] usb latency    0.0 ms
[async IO: ON] usb latency    0.0 ms
[async IO: ON] usb latency    0.0 ms
[msc] write   0.0 MB/s  read   7.4 MB/s | total W    99.5 MB  R    24.8 MB | usb latency max   0.1 ms
[async IO: ON] usb latency    0.0 ms
[async IO: ON] usb latency    0.0 ms
[async IO: ON] usb latency    0.0 ms
[async IO: ON] usb latency    0.0 ms
[async IO: ON] usb latency    0.0 ms
[async IO: ON] usb latency    0.0 ms
[async IO: ON] usb latency    0.1 ms
[async IO: ON] usb latency    0.0 ms
[async IO: ON] usb latency    0.0 ms
[async IO: ON] usb latency    0.0 ms
[msc] write   0.0 MB/s  read   7.4 MB/s | total W    99.5 MB  R    32.3 MB | usb latency max   0.1 ms
[async IO: ON] usb latency    0.0 ms
[async IO: ON] usb latency    0.0 ms
[async IO: ON] usb latency    0.0 ms
[async IO: ON] usb latency    0.0 ms
[async IO: ON] usb latency    0.1 ms
[async IO: ON] usb latency    0.0 ms
[async IO: ON] usb latency    0.1 ms
[async IO: ON] usb latency    0.0 ms
[async IO: ON] usb latency    0.1 ms
[async IO: ON] usb latency    0.0 ms
[msc] write   0.0 MB/s  read   7.1 MB/s | total W    99.5 MB  R    39.4 MB | usb latency max   0.1 ms
[async IO: ON] usb latency    0.0 ms
[async IO: ON] usb latency    0.0 ms
[async IO: ON] usb latency    0.1 ms
[async IO: ON] usb latency    0.0 ms
[async IO: ON] usb latency    0.0 ms
[async IO: ON] usb latency    0.0 ms
[async IO: ON] usb latency    0.0 ms
[async IO: ON] usb latency    0.0 ms
[async IO: ON] usb latency    0.0 ms
[async IO: ON] usb latency    0.0 ms
[async IO: ON] usb latency    0.1 ms
[msc] write   0.0 MB/s  read   7.2 MB/s | total W    99.5 MB  R    47.3 MB | usb latency max   0.1 ms
[async IO: ON] usb latency    0.1 ms
[async IO: ON] usb latency    0.1 ms
[async IO: ON] usb latency    0.0 ms
[async IO: ON] usb latency    0.0 ms
[async IO: ON] usb latency    0.0 ms
[async IO: ON] usb latency    0.1 ms
[async IO: ON] usb latency    0.0 ms
