--- MSC activity started (async IO OFF) ---
[async IO: OFF] usb latency    0.0 ms
[async IO: OFF] usb latency    0.0 ms
[async IO: OFF] usb latency    0.0 ms
[async IO: OFF] usb latency    0.0 ms
[async IO: OFF] usb latency    0.0 ms
[async IO: OFF] usb latency    0.0 ms
[async IO: OFF] usb latency    0.0 ms
[async IO: OFF] usb latency    0.0 ms
[async IO: OFF] usb latency    0.1 ms
[async IO: OFF] usb latency    0.0 ms
[msc] write   0.4 MB/s  read  60.3 MB/s | total W     0.4 MB  R    60.3 MB | usb latency max   0.1 ms
[async IO: OFF] usb latency    0.0 ms
--- MSC activity done (async IO OFF): 0.0 s, wrote 0.4 MB (0.0 MB/s), read 60.3 MB (0.0 MB/s) ---
--- usb latency max 0.1 ms, avg 0.0 ms, stalls >10 ms: 0/11 ---
[async IO: OFF] usb latency    0.0 ms
[async IO: OFF] usb latency    0.0 ms
[async IO: OFF] usb latency    0.0 ms
[async IO: OFF] usb latency    0.0 ms
[async IO: OFF] usb latency    0.0 ms
[async IO: OFF] usb latency    0.0 ms
[async IO: OFF] usb latency    0.0 ms
[async IO: OFF] usb latency    0.0 ms
[async IO: OFF] usb latency    0.0 ms
[async IO: OFF] usb latency    0.0 ms
[async IO: OFF] usb latency    0.0 ms
[async IO: OFF] usb latency    0.0 ms
[async IO: OFF] usb latency    0.0 ms
[async IO: OFF] usb latency    0.0 ms
[async IO: OFF] usb latency    0.0 ms
[async IO: OFF] usb latency    0.0 ms
[async IO: OFF] usb latency    0.0 ms
[async IO: OFF] usb latency    0.0 ms
[async IO: OFF] usb latency    0.0 ms
[async IO: OFF] usb latency    0.0 ms
[async IO: OFF] usb latency    0.0 ms
[async IO: OFF] usb latency    0.0 ms
[async IO: OFF] usb latency    0.0 ms
[async IO: OFF] usb latency    0.0 ms
[async IO: OFF] usb latency    0.0 ms
[async IO: OFF] usb latency    0.0 ms
[async IO: OFF] usb latency    0.0 ms
[async IO: OFF] usb latency    0.0 ms
[async IO: OFF] usb latency    0.1 ms
[async IO: OFF] usb latency    0.0 ms
[async IO: OFF] usb latency    0.0 ms
[async IO: OFF] usb latency    0.0 ms
[async IO: OFF] usb latency    0.0 ms
[async IO: OFF] usb latency    0.0 ms
[async IO: OFF] usb latency    0.0 ms
[async IO: OFF] usb latency    0.0 ms
[async IO: OFF] usb latency    0.1 ms
[async IO: OFF] usb latency    0.0 ms
[async IO: OFF] usb latency    0.0 ms
[async IO: OFF] usb latency    0.0 ms
[async IO: OFF] usb latency    0.0 ms
[async IO: OFF] usb latency    0.0 ms
[async IO: OFF] usb latency    0.0 ms
[async IO: OFF] usb latency    0.0 ms
[async IO: OFF] usb latency    0.0 ms
[async IO: OFF] usb latency    0.0 ms
[async IO: OFF] usb latency    0.0 ms
[async IO: OFF] usb latency    0.0 ms
[async IO: OFF] usb latency    0.0 ms
[async IO: OFF] usb latency    0.0 ms
[async IO: OFF] usb latency    0.0 ms
[async IO: OFF] usb latency    0.0 ms
[async IO: OFF] usb latency    0.0 ms
[async IO: OFF] usb latency    0.0 ms
[async IO: OFF] usb latency    0.0 ms
[async IO: OFF] usb latency    0.0 ms
[async IO: OFF] usb latency    0.0 ms
[async IO: OFF] usb latency    0.0 ms
[async IO: OFF] usb latency    0.0 ms
[async IO: OFF] usb latency    0.0 ms
[async IO: OFF] usb latency    0.0 ms
[async IO: OFF] usb latency    0.0 ms
[async IO: OFF] usb latency    0.0 ms
[async IO: OFF] usb latency    0.0 ms
[async IO: OFF] usb latency    0.0 ms
[async IO: OFF] usb latency    0.0 ms
[async IO: OFF] usb latency    0.0 ms
--- MSC activity started (async IO OFF) ---
[async IO: OFF] usb latency    0.1 ms
[async IO: OFF] usb latency    0.0 ms
[async IO: OFF] usb latency    0.0 ms
[async IO: OFF] usb latency    9.7 ms
[async IO: OFF] usb latency    0.0 ms
[async IO: OFF] usb latency    0.0 ms
[async IO: OFF] usb latency    0.0 ms
[async IO: OFF] usb latency    0.0 ms
[async IO: OFF] usb latency    0.1 ms
[async IO: OFF] usb latency    0.0 ms
[msc] write   0.1 MB/s  read   0.0 MB/s | total W     0.1 MB  R     0.0 MB | usb latency max   9.7 ms
[async IO: OFF] usb latency    0.0 ms
[async IO: OFF] usb latency    0.0 ms
[async IO: OFF] usb latency    0.0 ms
[async IO: OFF] usb latency    0.0 ms
--- MSC activity done (async IO OFF): 0.3 s, wrote 0.1 MB (0.3 MB/s), read 0.0 MB (0.1 MB/s) ---
--- usb latency max 9.7 ms, avg 0.7 ms, stalls >10 ms: 0/14 ---
[async IO: OFF] usb latency    0.0 ms
[async IO: OFF] usb latency    0.0 ms
[async IO: OFF] usb latency    0.1 ms
[async IO: OFF] usb latency    0.0 ms
[async IO: OFF] usb latency    0.0 ms
[async IO: OFF] usb latency    0.0 ms
[async IO: OFF] usb latency    0.0 ms
[async IO: OFF] usb latency    0.0 ms
[async IO: OFF] usb latency    0.0 ms
[async IO: OFF] usb latency    0.0 ms
[async IO: OFF] usb latency    0.1 ms
[async IO: OFF] usb latency    0.1 ms
[async IO: OFF] usb latency    0.1 ms
[async IO: OFF] usb latency    0.0 ms
[async IO: OFF] usb latency    0.0 ms
[async IO: OFF] usb latency    0.0 ms
[async IO: OFF] usb latency    0.0 ms
[async IO: OFF] usb latency    0.0 ms
[async IO: OFF] usb latency    0.0 ms
[async IO: OFF] usb latency    0.0 ms
[async IO: OFF] usb latency    0.0 ms
[async IO: OFF] usb latency    0.0 ms
[async IO: OFF] usb latency    0.0 ms
[async IO: OFF] usb latency    0.0 ms
[async IO: OFF] usb latency    0.0 ms
[async IO: OFF] usb latency    0.0 ms
[async IO: OFF] usb latency    0.0 ms
[async IO: OFF] usb latency    0.0 ms
[async IO: OFF] usb latency    0.0 ms
[async IO: OFF] usb latency    0.0 ms
[async IO: OFF] usb latency    0.0 ms
[async IO: OFF] usb latency    0.0 ms
[async IO: OFF] usb latency    0.0 ms
[async IO: OFF] usb latency    0.1 ms
[async IO: OFF] usb latency    0.0 ms
[async IO: OFF] usb latency    0.0 ms
[async IO: OFF] usb latency    0.0 ms
[async IO: OFF] usb latency    0.0 ms
[async IO: OFF] usb latency    0.0 ms
[async IO: OFF] usb latency    0.0 ms
[async IO: OFF] usb latency    0.0 ms
[async IO: OFF] usb latency    0.0 ms
[async IO: OFF] usb latency    0.0 ms
[async IO: OFF] usb latency    0.0 ms
[async IO: OFF] usb latency    0.0 ms
[async IO: OFF] usb latency    0.0 ms
[async IO: OFF] usb latency    0.0 ms
[async IO: OFF] usb latency    0.0 ms
[async IO: OFF] usb latency    0.0 ms
[async IO: OFF] usb latency    0.0 ms
[async IO: OFF] usb latency    0.0 ms
[async IO: OFF] usb latency    0.0 ms
[async IO: OFF] usb latency    0.0 ms
[async IO: OFF] usb latency    0.0 ms
[async IO: OFF] usb latency    0.0 ms
[async IO: OFF] usb latency    0.0 ms
[async IO: OFF] usb latency    0.0 ms
[async IO: OFF] usb latency    0.0 ms
[async IO: OFF] usb latency    0.0 ms
[async IO: OFF] usb latency    0.0 ms
[async IO: OFF] usb latency    0.0 ms
[async IO: OFF] usb latency    0.0 ms
[async IO: OFF] usb latency    0.0 ms
[async IO: OFF] usb latency    0.0 ms
[async IO: OFF] usb latency    0.1 ms
[async IO: OFF] usb latency    0.0 ms
[async IO: OFF] usb latency    0.0 ms
[async IO: OFF] usb latency    0.0 ms
[async IO: OFF] usb latency    0.0 ms
[async IO: OFF] usb latency    0.0 ms
[async IO: OFF] usb latency    0.0 ms
[async IO: OFF] usb latency    0.0 ms
[async IO: OFF] usb latency    0.0 ms
[async IO: OFF] usb latency    0.0 ms
[async IO: OFF] usb latency    0.0 ms
[async IO: OFF] usb latency    0.0 ms
[async IO: OFF] usb latency    0.0 ms
[async IO: OFF] usb latency    0.0 ms
[async IO: OFF] usb latency    0.0 ms
[async IO: OFF] usb latency    0.0 ms
[async IO: OFF] usb latency    0.0 ms
[async IO: OFF] usb latency    0.0 ms
[async IO: OFF] usb latency    0.0 ms
[async IO: OFF] usb latency    0.0 ms
[async IO: OFF] usb latency    0.0 ms
[async IO: OFF] usb latency    0.0 ms
[async IO: OFF] usb latency    0.0 ms
[async IO: OFF] usb latency    0.0 ms
[async IO: OFF] usb latency    0.0 ms
[async IO: OFF] usb latency    0.0 ms
[async IO: OFF] usb latency    0.0 ms
[async IO: OFF] usb latency    0.0 ms
[async IO: OFF] usb latency    0.0 ms
[async IO: OFF] usb latency    0.0 ms
[async IO: OFF] usb latency    0.0 ms
[async IO: OFF] usb latency    0.1 ms
[async IO: OFF] usb latency    0.0 ms
[async IO: OFF] usb latency    0.0 ms
[async IO: OFF] usb latency    0.0 ms
[async IO: OFF] usb latency    0.0 ms
[async IO: OFF] usb latency    0.0 ms
[async IO: OFF] usb latency    0.0 ms
[async IO: OFF] usb latency    0.0 ms
[async IO: OFF] usb latency    0.1 ms
[async IO: OFF] usb latency    0.0 ms
[async IO: OFF] usb latency    0.0 ms
[async IO: OFF] usb latency    0.0 ms
[async IO: OFF] usb latency    0.0 ms
[async IO: OFF] usb latency    0.0 ms
[async IO: OFF] usb latency    0.0 ms
[async IO: OFF] usb latency    0.0 ms
[async IO: OFF] usb latency    0.0 ms
[async IO: OFF] usb latency    0.0 ms
[async IO: OFF] usb latency    0.0 ms
[async IO: OFF] usb latency    0.0 ms
[async IO: OFF] usb latency    0.0 ms
[async IO: OFF] usb latency    0.0 ms
[async IO: OFF] usb latency    0.0 ms
[async IO: OFF] usb latency    0.0 ms
[async IO: OFF] usb latency    0.0 ms
[async IO: OFF] usb latency    0.0 ms
[async IO: OFF] usb latency    0.0 ms
[async IO: OFF] usb latency    0.0 ms
[async IO: OFF] usb latency    0.0 ms
[async IO: OFF] usb latency    0.0 ms
--- MSC activity started (async IO OFF) ---
[async IO: OFF] usb latency    0.0 ms
[async IO: OFF] usb latency    0.0 ms
[async IO: OFF] usb latency    2.2 ms
[async IO: OFF] usb latency    0.2 ms
[async IO: OFF] usb latency    1.4 ms
[async IO: OFF] usb latency    0.1 ms
[async IO: OFF] usb latency    2.5 ms
[async IO: OFF] usb latency    0.1 ms
[async IO: OFF] usb latency    2.2 ms
[async IO: OFF] usb latency    2.8 ms
[msc] write   2.9 MB/s  read   0.0 MB/s | total W     2.9 MB  R     0.0 MB | usb latency max   2.8 ms
[async IO: OFF] usb latency    0.9 ms
[async IO: OFF] usb latency    3.0 ms
[async IO: OFF] usb latency    0.2 ms
[async IO: OFF] usb latency    2.0 ms
[async IO: OFF] usb latency    2.3 ms
[async IO: OFF] usb latency    2.1 ms
[async IO: OFF] usb latency    0.5 ms
[async IO: OFF] usb latency    6.5 ms
[async IO: OFF] usb latency    2.5 ms
[async IO: OFF] usb latency    2.0 ms
[msc] write   2.5 MB/s  read   0.0 MB/s | total W     5.4 MB  R     0.0 MB | usb latency max   6.5 ms
[async IO: OFF] usb latency    2.8 ms
[async IO: OFF] usb latency    2.2 ms
[async IO: OFF] usb latency    0.5 ms
[async IO: OFF] usb latency    6.5 ms
[async IO: OFF] usb latency    1.0 ms
[async IO: OFF] usb latency    0.4 ms
[async IO: OFF] usb latency    0.3 ms
[async IO: OFF] usb latency    2.1 ms
[async IO: OFF] usb latency    3.0 ms
[async IO: OFF] usb latency    2.0 ms
[msc] write   2.3 MB/s  read   0.0 MB/s | total W     7.8 MB  R     0.0 MB | usb latency max   6.5 ms
[async IO: OFF] usb latency    3.5 ms
[async IO: OFF] usb latency   13.0 ms   <-- STALL
[async IO: OFF] usb latency    5.5 ms
[async IO: OFF] usb latency    6.5 ms
[async IO: OFF] usb latency    7.5 ms
[async IO: OFF] usb latency    9.5 ms
[async IO: OFF] usb latency    1.0 ms
[async IO: OFF] usb latency    2.5 ms
[async IO: OFF] usb latency    2.2 ms
[async IO: OFF] usb latency    0.3 ms
[msc] write   2.0 MB/s  read   0.0 MB/s | total W     9.9 MB  R     0.0 MB | usb latency max  13.0 ms
[async IO: OFF] usb latency    0.3 ms
[async IO: OFF] usb latency    0.0 ms
[async IO: OFF] usb latency    0.5 ms
[async IO: OFF] usb latency    0.1 ms
[async IO: OFF] usb latency    2.2 ms
[async IO: OFF] usb latency    0.1 ms
[async IO: OFF] usb latency    0.1 ms
[async IO: OFF] usb latency    2.9 ms
[async IO: OFF] usb latency    0.3 ms
[async IO: OFF] usb latency    2.1 ms
[msc] write   3.0 MB/s  read   0.0 MB/s | total W    12.8 MB  R     0.0 MB | usb latency max   2.9 ms
[async IO: OFF] usb latency    2.6 ms
[async IO: OFF] usb latency    2.2 ms
[async IO: OFF] usb latency    1.0 ms
[async IO: OFF] usb latency    0.4 ms
[async IO: OFF] usb latency    2.7 ms
[async IO: OFF] usb latency    0.5 ms
[async IO: OFF] usb latency    2.1 ms
[async IO: OFF] usb latency    0.1 ms
[async IO: OFF] usb latency   30.9 ms   <-- STALL
[async IO: OFF] usb latency    0.5 ms
[msc] write   2.7 MB/s  read   0.0 MB/s | total W    15.6 MB  R     0.0 MB | usb latency max  30.9 ms
[async IO: OFF] usb latency    0.7 ms
[async IO: OFF] usb latency    2.2 ms
[async IO: OFF] usb latency    2.7 ms
[async IO: OFF] usb latency    0.0 ms
[async IO: OFF] usb latency    7.5 ms
[async IO: OFF] usb latency    1.6 ms
[async IO: OFF] usb latency    0.1 ms
[async IO: OFF] usb latency    1.4 ms
[async IO: OFF] usb latency    1.9 ms
[async IO: OFF] usb latency    0.2 ms
[msc] write   2.6 MB/s  read   0.0 MB/s | total W    18.3 MB  R     0.0 MB | usb latency max   7.5 ms
[async IO: OFF] usb latency    2.6 ms
[async IO: OFF] usb latency    3.0 ms
[async IO: OFF] usb latency    0.2 ms
[async IO: OFF] usb latency    2.0 ms
[async IO: OFF] usb latency    2.9 ms
[async IO: OFF] usb latency    0.5 ms
[async IO: OFF] usb latency    0.2 ms
[async IO: OFF] usb latency    1.8 ms
[async IO: OFF] usb latency    0.2 ms
[async IO: OFF] usb latency    0.1 ms
[msc] write   2.7 MB/s  read   0.0 MB/s | total W    21.1 MB  R     0.0 MB | usb latency max  36.4 ms
[async IO: OFF] usb latency   36.4 ms   <-- STALL
[async IO: OFF] usb latency    3.0 ms
[async IO: OFF] usb latency    0.1 ms
[async IO: OFF] usb latency    0.2 ms
[async IO: OFF] usb latency    1.8 ms
[async IO: OFF] usb latency    0.6 ms
[async IO: OFF] usb latency    3.0 ms
[async IO: OFF] usb latency    2.0 ms
[async IO: OFF] usb latency   88.3 ms   <-- STALL
[msc] write   2.7 MB/s  read   0.0 MB/s | total W    23.8 MB  R     0.0 MB | usb latency max  88.3 ms
[async IO: OFF] usb latency    1.8 ms
[async IO: OFF] usb latency    3.0 ms
[async IO: OFF] usb latency    0.2 ms
[async IO: OFF] usb latency    1.9 ms
[async IO: OFF] usb latency    0.1 ms
[async IO: OFF] usb latency    2.4 ms
[async IO: OFF] usb latency    2.2 ms
[async IO: OFF] usb latency   71.2 ms   <-- STALL
[async IO: OFF] usb latency    2.2 ms
[async IO: OFF] usb latency    2.8 ms
[msc] write   2.8 MB/s  read   0.0 MB/s | total W    26.8 MB  R     0.0 MB | usb latency max  71.2 ms
[async IO: OFF] usb latency    0.9 ms
[async IO: OFF] usb latency    2.2 ms
[async IO: OFF] usb latency    0.1 ms
[async IO: OFF] usb latency    2.9 ms
[async IO: OFF] usb latency    0.4 ms
[async IO: OFF] usb latency    2.1 ms
[async IO: OFF] usb latency    0.1 ms
[async IO: OFF] usb latency    1.8 ms
[async IO: OFF] usb latency    0.3 ms
[async IO: OFF] usb latency    2.9 ms
[msc] write   3.0 MB/s  read   0.0 MB/s | total W    29.8 MB  R     0.0 MB | usb latency max   2.9 ms
[async IO: OFF] usb latency    0.5 ms
[async IO: OFF] usb latency    2.2 ms
[async IO: OFF] usb latency   79.7 ms   <-- STALL
[async IO: OFF] usb latency    0.2 ms
[async IO: OFF] usb latency    2.2 ms
[async IO: OFF] usb latency    2.7 ms
[async IO: OFF] usb latency    0.5 ms
[async IO: OFF] usb latency    2.1 ms
[async IO: OFF] usb latency    2.9 ms
[async IO: OFF] usb latency    1.1 ms
[msc] write   2.7 MB/s  read   0.0 MB/s | total W    32.7 MB  R     0.0 MB | usb latency max  79.7 ms
[async IO: OFF] usb latency    2.8 ms
[async IO: OFF] usb latency    2.2 ms
[async IO: OFF] usb latency    0.1 ms
[async IO: OFF] usb latency    2.9 ms
[async IO: OFF] usb latency    0.3 ms
[async IO: OFF] usb latency    0.4 ms
[async IO: OFF] usb latency    0.4 ms
[async IO: OFF] usb latency    1.5 ms
[async IO: OFF] usb latency    2.9 ms
[async IO: OFF] usb latency    0.7 ms
[msc] write   2.8 MB/s  read   0.0 MB/s | total W    35.6 MB  R     0.0 MB | usb latency max   2.9 ms
[async IO: OFF] usb latency    2.2 ms
[async IO: OFF] usb latency    2.2 ms
[async IO: OFF] usb latency    0.7 ms
[async IO: OFF] usb latency    7.5 ms
[async IO: OFF] usb latency    3.0 ms
[async IO: OFF] usb latency    1.9 ms
[async IO: OFF] usb latency    0.6 ms
[async IO: OFF] usb latency    0.5 ms
[async IO: OFF] usb latency    0.3 ms
[async IO: OFF] usb latency    0.0 ms
[msc] write   2.5 MB/s  read   0.0 MB/s | total W    38.1 MB  R     0.0 MB | usb latency max   7.5 ms
[async IO: OFF] usb latency    1.5 ms
[async IO: OFF] usb latency    0.1 ms
[async IO: OFF] usb latency    0.7 ms
[async IO: OFF] usb latency    0.5 ms
[async IO: OFF] usb latency    0.3 ms
[async IO: OFF] usb latency    0.1 ms
[async IO: OFF] usb latency    2.9 ms
[async IO: OFF] usb latency    0.5 ms
[async IO: OFF] usb latency    4.5 ms
[async IO: OFF] usb latency    6.5 ms
[msc] write   1.8 MB/s  read   0.0 MB/s | total W    40.0 MB  R     0.0 MB | usb latency max   9.5 ms
[async IO: OFF] usb latency    9.5 ms
[async IO: OFF] usb latency   10.0 ms
[async IO: OFF] usb latency    0.7 ms
[async IO: OFF] usb latency    0.1 ms
[async IO: OFF] usb latency    2.7 ms
[async IO: OFF] usb latency    0.3 ms
[async IO: OFF] usb latency    0.2 ms
[async IO: OFF] usb latency    0.1 ms
[async IO: OFF] usb latency    1.6 ms
[async IO: OFF] usb latency    0.3 ms
[msc] write   2.7 MB/s  read   0.0 MB/s | total W    42.7 MB  R     0.0 MB | usb latency max  10.0 ms
[async IO: OFF] usb latency    2.5 ms
[async IO: OFF] usb latency    2.2 ms
[async IO: OFF] usb latency    2.7 ms
[async IO: OFF] usb latency    0.6 ms
[async IO: OFF] usb latency    0.2 ms
[async IO: OFF] usb latency    1.9 ms
[async IO: OFF] usb latency    0.4 ms
[async IO: OFF] usb latency    0.2 ms
[async IO: OFF] usb latency    2.7 ms
[async IO: OFF] usb latency   27.3 ms   <-- STALL
[msc] write   2.7 MB/s  read   0.0 MB/s | total W    45.5 MB  R     0.0 MB | usb latency max  27.3 ms
[async IO: OFF] usb latency    0.2 ms
[async IO: OFF] usb latency    2.2 ms
[async IO: OFF] usb latency    2.9 ms
[async IO: OFF] usb latency    0.7 ms
[async IO: OFF] usb latency    0.1 ms
[async IO: OFF] usb latency    1.7 ms
[async IO: OFF] usb latency    1.6 ms
[async IO: OFF] usb latency    3.0 ms
[async IO: OFF] usb latency    1.8 ms
[async IO: OFF] usb latency    0.1 ms
[msc] write   3.0 MB/s  read   0.0 MB/s | total W    48.5 MB  R     0.0 MB | usb latency max   3.0 ms
[async IO: OFF] usb latency    2.4 ms
[async IO: OFF] usb latency    2.2 ms
[async IO: OFF] usb latency    2.5 ms
[async IO: OFF] usb latency    1.7 ms
[async IO: OFF] usb latency    2.2 ms
[async IO: OFF] usb latency    2.5 ms
[async IO: OFF] usb latency    0.2 ms
[async IO: OFF] usb latency    1.8 ms
[async IO: OFF] usb latency    7.5 ms
[async IO: OFF] usb latency    0.6 ms
[msc] write   2.6 MB/s  read   0.0 MB/s | total W    51.1 MB  R     0.0 MB | usb latency max   7.5 ms
[async IO: OFF] usb latency    0.1 ms
[async IO: OFF] usb latency    3.0 ms
[async IO: OFF] usb latency    0.2 ms
[async IO: OFF] usb latency    2.1 ms
[async IO: OFF] usb latency    2.7 ms
[async IO: OFF] usb latency    2.5 ms
[async IO: OFF] usb latency    0.0 ms
[async IO: OFF] usb latency    2.7 ms
[async IO: OFF] usb latency    0.1 ms
[async IO: OFF] usb latency    2.0 ms
[msc] write   2.7 MB/s  read   0.0 MB/s | total W    53.8 MB  R     0.0 MB | usb latency max   3.0 ms
[async IO: OFF] usb latency    2.6 ms
[async IO: OFF] usb latency    2.2 ms
[async IO: OFF] usb latency    0.9 ms
[async IO: OFF] usb latency    0.3 ms
[async IO: OFF] usb latency    2.9 ms
[async IO: OFF] usb latency    0.3 ms
[async IO: OFF] usb latency    1.9 ms
[async IO: OFF] usb latency    0.7 ms
[async IO: OFF] usb latency    4.5 ms
[async IO: OFF] usb latency    5.5 ms
[msc] write   2.0 MB/s  read   0.0 MB/s | total W    55.9 MB  R     0.0 MB | usb latency max   5.5 ms
[async IO: OFF] usb latency    5.5 ms
[async IO: OFF] usb latency   13.0 ms   <-- STALL
[async IO: OFF] usb latency    7.5 ms
[async IO: OFF] usb latency    7.5 ms
[async IO: OFF] usb latency    0.6 ms
[async IO: OFF] usb latency    0.1 ms
[async IO: OFF] usb latency    2.4 ms
[async IO: OFF] usb latency    2.1 ms
[async IO: OFF] usb latency    0.3 ms
[async IO: OFF] usb latency    2.9 ms
[msc] write   2.4 MB/s  read   0.0 MB/s | total W    58.4 MB  R     0.0 MB | usb latency max  13.0 ms
[async IO: OFF] usb latency    0.7 ms
[async IO: OFF] usb latency    2.2 ms
[async IO: OFF] usb latency    2.7 ms
[async IO: OFF] usb latency    0.7 ms
[async IO: OFF] usb latency    0.6 ms
[async IO: OFF] usb latency    2.2 ms
[async IO: OFF] usb latency    0.1 ms
[async IO: OFF] usb latency    2.5 ms
[async IO: OFF] usb latency    0.1 ms
[async IO: OFF] usb latency    1.9 ms
[msc] write   2.7 MB/s  read   0.0 MB/s | total W    61.2 MB  R     0.0 MB | usb latency max  35.8 ms
[async IO: OFF] usb latency   35.8 ms   <-- STALL
[async IO: OFF] usb latency    2.2 ms
[async IO: OFF] usb latency    0.8 ms
[async IO: OFF] usb latency    0.1 ms
[async IO: OFF] usb latency    2.7 ms
[async IO: OFF] usb latency    2.1 ms
[async IO: OFF] usb latency    2.7 ms
[async IO: OFF] usb latency    2.6 ms
[async IO: OFF] usb latency    2.0 ms
[async IO: OFF] usb latency    0.6 ms
[msc] write   2.9 MB/s  read   0.0 MB/s | total W    64.2 MB  R     0.0 MB | usb latency max   2.8 ms
[async IO: OFF] usb latency    2.8 ms
[async IO: OFF] usb latency    0.0 ms
[async IO: OFF] usb latency    0.6 ms
[async IO: OFF] usb latency    8.5 ms
[async IO: OFF] usb latency    2.6 ms
[async IO: OFF] usb latency    2.1 ms
[async IO: OFF] usb latency    2.8 ms
[async IO: OFF] usb latency    2.2 ms
[async IO: OFF] usb latency    2.3 ms
[async IO: OFF] usb latency    0.1 ms
[msc] write   2.5 MB/s  read   0.0 MB/s | total W    66.8 MB  R     0.1 MB | usb latency max   8.5 ms
[async IO: OFF] usb latency    0.8 ms
[async IO: OFF] usb latency    2.2 ms
[async IO: OFF] usb latency    2.7 ms
[async IO: OFF] usb latency    0.1 ms
[async IO: OFF] usb latency    1.7 ms
[async IO: OFF] usb latency    0.2 ms
[async IO: OFF] usb latency    1.5 ms
[async IO: OFF] usb latency    0.1 ms
[async IO: OFF] usb latency    1.4 ms
[async IO: OFF] usb latency    2.8 ms
[msc] write   2.7 MB/s  read   0.0 MB/s | total W    69.5 MB  R     0.1 MB | usb latency max   2.8 ms
[async IO: OFF] usb latency    0.4 ms
[async IO: OFF] usb latency    2.9 ms
[async IO: OFF] usb latency    0.8 ms
[async IO: OFF] usb latency    6.5 ms
[async IO: OFF] usb latency    2.9 ms
[async IO: OFF] usb latency    0.5 ms
[async IO: OFF] usb latency    2.1 ms
[async IO: OFF] usb latency    2.8 ms
[async IO: OFF] usb latency    0.4 ms
[async IO: OFF] usb latency    9.5 ms
[msc] write   2.3 MB/s  read   0.0 MB/s | total W    71.9 MB  R     0.1 MB | usb latency max   9.5 ms
[async IO: OFF] usb latency    5.5 ms
[async IO: OFF] usb latency   12.0 ms   <-- STALL
[async IO: OFF] usb latency    7.5 ms
[async IO: OFF] usb latency    4.5 ms
[async IO: OFF] usb latency    7.5 ms
[async IO: OFF] usb latency    0.8 ms
[async IO: OFF] usb latency    0.2 ms
[async IO: OFF] usb latency    1.7 ms
[async IO: OFF] usb latency    0.7 ms
[async IO: OFF] usb latency    0.8 ms
[msc] write   2.2 MB/s  read   0.0 MB/s | total W    74.1 MB  R     0.1 MB | usb latency max  12.0 ms
[async IO: OFF] usb latency    0.1 ms
[async IO: OFF] usb latency    2.2 ms
[async IO: OFF] usb latency    2.8 ms
[async IO: OFF] usb latency    0.4 ms
[async IO: OFF] usb latency    2.0 ms
[async IO: OFF] usb latency    0.0 ms
[async IO: OFF] usb latency    2.5 ms
[async IO: OFF] usb latency    1.9 ms
[async IO: OFF] usb latency    0.6 ms
[async IO: OFF] usb latency    2.9 ms
[msc] write   2.9 MB/s  read   0.0 MB/s | total W    77.0 MB  R     0.1 MB | usb latency max   2.9 ms
[async IO: OFF] usb latency    0.9 ms
[async IO: OFF] usb latency    2.2 ms
[async IO: OFF] usb latency    2.8 ms
[async IO: OFF] usb latency    0.8 ms
[async IO: OFF] usb latency    0.1 ms
[async IO: OFF] usb latency    1.9 ms
[async IO: OFF] usb latency    0.2 ms
[async IO: OFF] usb latency    2.7 ms
[async IO: OFF] usb latency    2.7 ms
[async IO: OFF] usb latency    0.2 ms
[msc] write   2.8 MB/s  read   0.0 MB/s | total W    80.0 MB  R     0.1 MB | usb latency max   2.8 ms
[async IO: OFF] usb latency    0.1 ms
[async IO: OFF] usb latency    3.0 ms
[async IO: OFF] usb latency    0.2 ms
[async IO: OFF] usb latency    2.2 ms
[async IO: OFF] usb latency    3.5 ms
[async IO: OFF] usb latency    1.8 ms
[async IO: OFF] usb latency    0.3 ms
[async IO: OFF] usb latency    1.9 ms
[async IO: OFF] usb latency    0.6 ms
[async IO: OFF] usb latency    0.2 ms
[msc] write   2.6 MB/s  read   0.0 MB/s | total W    82.6 MB  R     0.1 MB | usb latency max  11.5 ms
[async IO: OFF] usb latency   11.5 ms   <-- STALL
[async IO: OFF] usb latency    2.2 ms
[async IO: OFF] usb latency    2.9 ms
[async IO: OFF] usb latency    0.6 ms
[async IO: OFF] usb latency    2.1 ms
[async IO: OFF] usb latency    2.8 ms
[async IO: OFF] usb latency    0.3 ms
[async IO: OFF] usb latency    1.5 ms
[async IO: OFF] usb latency    1.9 ms
[async IO: OFF] usb latency    0.3 ms
[msc] write   2.7 MB/s  read   0.0 MB/s | total W    85.3 MB  R     0.1 MB | usb latency max   2.9 ms
[async IO: OFF] usb latency    1.8 ms
[async IO: OFF] usb latency    3.0 ms
[async IO: OFF] usb latency    2.0 ms
[async IO: OFF] usb latency   18.5 ms   <-- STALL
[async IO: OFF] usb latency    0.7 ms
[async IO: OFF] usb latency    0.4 ms
[async IO: OFF] usb latency    2.8 ms
[async IO: OFF] usb latency    0.1 ms
[async IO: OFF] usb latency    2.0 ms
[async IO: OFF] usb latency    2.7 ms
[msc] write   2.4 MB/s  read   0.0 MB/s | total W    87.8 MB  R     0.1 MB | usb latency max  18.5 ms
[async IO: OFF] usb latency    5.5 ms
[async IO: OFF] usb latency   11.0 ms   <-- STALL
[async IO: OFF] usb latency    5.5 ms
[async IO: OFF] usb latency    6.5 ms
[async IO: OFF] usb latency    6.5 ms
[async IO: OFF] usb latency    0.7 ms
[async IO: OFF] usb latency    0.4 ms
[async IO: OFF] usb latency    2.0 ms
[async IO: OFF] usb latency    2.4 ms
[async IO: OFF] usb latency    0.4 ms
[msc] write   2.0 MB/s  read   0.0 MB/s | total W    89.9 MB  R     0.1 MB | usb latency max  11.0 ms
[async IO: OFF] usb latency    0.2 ms
[async IO: OFF] usb latency    0.1 ms
[async IO: OFF] usb latency    0.3 ms
[async IO: OFF] usb latency    2.8 ms
[async IO: OFF] usb latency    0.4 ms
[async IO: OFF] usb latency    2.2 ms
[async IO: OFF] usb latency    2.9 ms
[async IO: OFF] usb latency    0.6 ms
[async IO: OFF] usb latency    0.1 ms
[async IO: OFF] usb latency    2.0 ms
[msc] write   3.0 MB/s  read   0.0 MB/s | total W    92.9 MB  R     0.1 MB | usb latency max   2.9 ms
[async IO: OFF] usb latency    2.4 ms
[async IO: OFF] usb latency    0.0 ms
[async IO: OFF] usb latency   19.4 ms   <-- STALL
[async IO: OFF] usb latency    0.3 ms
[async IO: OFF] usb latency    0.3 ms
[async IO: OFF] usb latency    2.0 ms
[async IO: OFF] usb latency    2.8 ms
[async IO: OFF] usb latency    0.2 ms
[async IO: OFF] usb latency    1.8 ms
[async IO: OFF] usb latency    0.4 ms
[msc] write   2.7 MB/s  read   0.0 MB/s | total W    95.7 MB  R     0.1 MB | usb latency max  19.4 ms
[async IO: OFF] usb latency    2.0 ms
[async IO: OFF] usb latency    2.2 ms
[async IO: OFF] usb latency    2.3 ms
[async IO: OFF] usb latency    1.9 ms
[async IO: OFF] usb latency    0.8 ms
[async IO: OFF] usb latency    9.5 ms
[async IO: OFF] usb latency    0.8 ms
[async IO: OFF] usb latency    0.2 ms
[async IO: OFF] usb latency    1.7 ms
[async IO: OFF] usb latency    0.3 ms
[msc] write   2.7 MB/s  read   0.0 MB/s | total W    98.5 MB  R     0.1 MB | usb latency max   9.5 ms
[async IO: OFF] usb latency    2.0 ms
[async IO: OFF] usb latency   10.0 ms
[async IO: OFF] usb latency    0.9 ms
[async IO: OFF] usb latency    0.6 ms
[async IO: OFF] usb latency    2.0 ms
[async IO: OFF] usb latency    0.0 ms
[async IO: OFF] usb latency    0.7 ms
[async IO: OFF] usb latency    0.0 ms
[async IO: OFF] usb latency    0.0 ms
[async IO: OFF] usb latency    0.0 ms
[msc] write   1.0 MB/s  read   2.0 MB/s | total W    99.5 MB  R     2.1 MB | usb latency max  10.0 ms
[async IO: OFF] usb latency    0.4 ms
[async IO: OFF] usb latency    0.0 ms
[async IO: OFF] usb latency    0.1 ms
[async IO: OFF] usb latency    0.1 ms
[async IO: OFF] usb latency    0.0 ms
[async IO: OFF] usb latency    0.1 ms
[async IO: OFF] usb latency    0.0 ms
[async IO: OFF] usb latency    0.1 ms
[async IO: OFF] usb latency    0.7 ms
[async IO: OFF] usb latency    0.0 ms
[msc] write   0.0 MB/s  read   4.0 MB/s | total W    99.5 MB  R     6.1 MB | usb latency max   0.7 ms
[async IO: OFF] usb latency    0.1 ms
[async IO: OFF] usb latency    0.0 ms
[async IO: OFF] usb latency    0.3 ms
[async IO: OFF] usb latency    0.5 ms
[async IO: OFF] usb latency    0.1 ms
[async IO: OFF] usb latency    0.1 ms
[async IO: OFF] usb latency    0.0 ms
[async IO: OFF] usb latency    0.8 ms
[async IO: OFF] usb latency    0.8 ms
[async IO: OFF] usb latency    0.1 ms
[msc] write   0.0 MB/s  read   7.2 MB/s | total W    99.5 MB  R    13.3 MB | usb latency max   0.8 ms
[async IO: OFF] usb latency    0.1 ms
[async IO: OFF] usb latency    0.1 ms
[async IO: OFF] usb latency    0.5 ms
[async IO: OFF] usb latency    0.0 ms
[async IO: OFF] usb latency    0.0 ms
[async IO: OFF] usb latency    0.0 ms
[async IO: OFF] usb latency    0.0 ms
[async IO: OFF] usb latency    0.1 ms
[async IO: OFF] usb latency    0.2 ms
[async IO: OFF] usb latency    0.5 ms
[msc] write   0.0 MB/s  read   7.3 MB/s | total W    99.5 MB  R    20.6 MB | usb latency max   0.5 ms
[async IO: OFF] usb latency    0.0 ms
[async IO: OFF] usb latency    0.0 ms
[async IO: OFF] usb latency    0.4 ms
[async IO: OFF] usb latency    0.7 ms
[async IO: OFF] usb latency    0.6 ms
[async IO: OFF] usb latency    0.3 ms
[async IO: OFF] usb latency    0.6 ms
[async IO: OFF] usb latency    0.2 ms
[async IO: OFF] usb latency    0.8 ms
[async IO: OFF] usb latency    0.0 ms
[msc] write   0.0 MB/s  read   7.3 MB/s | total W    99.5 MB  R    27.9 MB | usb latency max   0.8 ms
[async IO: OFF] usb latency    0.0 ms
[async IO: OFF] usb latency    0.0 ms
[async IO: OFF] usb latency    0.4 ms
[async IO: OFF] usb latency    0.2 ms
[async IO: OFF] usb latency    0.1 ms
[async IO: OFF] usb latency    0.4 ms
[async IO: OFF] usb latency    0.2 ms
[async IO: OFF] usb latency    0.1 ms
[async IO: OFF] usb latency    0.6 ms
[async IO: OFF] usb latency    0.6 ms
[msc] write   0.0 MB/s  read   7.1 MB/s | total W    99.5 MB  R    35.1 MB | usb latency max   0.6 ms
[async IO: OFF] usb latency    0.6 ms
[async IO: OFF] usb latency    0.0 ms
[async IO: OFF] usb latency    0.8 ms
[async IO: OFF] usb latency    0.5 ms
[async IO: OFF] usb latency    0.5 ms
[async IO: OFF] usb latency    0.0 ms
[async IO: OFF] usb latency    0.3 ms
[async IO: OFF] usb latency    0.5 ms
[async IO: OFF] usb latency    0.1 ms
[async IO: OFF] usb latency    0.2 ms
[msc] write   0.0 MB/s  read   7.1 MB/s | total W    99.5 MB  R    42.2 MB | usb latency max   0.8 ms
[async IO: OFF] usb latency    0.0 ms
[async IO: OFF] usb latency    0.0 ms
[async IO: OFF] usb latency    0.3 ms
[async IO: OFF] usb latency    0.2 ms
